python : 2026-03-11 1
0:58:39.803 | WARNING
  | core.indicator_en
gine:<module>:17 - pa
ndas-ta가 설치되지 않았습니다: 
pip install pandas-ta
At line:1 char:1
+ python test_integra
tion.py > test_output
.txt 2>&1; Get-Conten
t test_o ...
+ ~~~~~~~~~~~~~~~~~~~
~~~~~~~~~~~~~~~~~~~~~
~~~~~~~~~
    + CategoryInfo   
           : NotSpe  
  cified: (2026-03   
 -11 10:5...stall    
 pandas-ta:Strin    g
) [], RemoteExc    ep
tion
    + FullyQualified 
   ErrorId : Native  
  CommandError
 
2026-03-11 10:58:39.8
03 | INFO     | core.
indicator_engine:__in
it__:34 - IndicatorEn
gine 초기화 완료
2026-03-11 10:58:39.8
41 | INFO     | core.
indicator_engine:calc
ulate_all:63 - 모든 기술 
지표 계산 완료 (총 28 컬럼)
2026-03-11 10:58:39.8
42 | INFO     | core.
signal_generator:__in
it__:32 - SignalGener
ator 초기화 완료
2026-03-11 10:58:39.8
48 | INFO     | core.
signal_generator:gene
rate:73 - 신호 생성 완료 — 
매수: 0건, 매도: 2건, 홀드: 4
98건
2026-03-11 10:58:39.8
49 | INFO     | core.
risk_manager:__init__
:32 - RiskManager 초기화
 완료
2026-03-11 10:58:39.8
49 | DEBUG    | core.
risk_manager:calculat
e_stop_loss:110 - 손절가
 계산: 매수가=50,000 → 손절가
=46,134
2026-03-11 10:58:39.8
49 | INFO     | core.
risk_manager:calculat
e_position_size:72 - 
포지션 계산: 자본=10,000,000
 | 진입가=50,000 | 손절가=4
6,134 | 1% 룰=25주 | 비중
제한=40주 | 최종=25주
2026-03-11 10:58:39.8
50 | INFO     | backt
est.backtester:__init
__:31 - Backtester 초기
화 완료
2026-03-11 10:58:39.8
51 | INFO     | core.
indicator_engine:__in
it__:34 - IndicatorEn
gine 초기화 완료
2026-03-11 10:58:39.8
51 | INFO     | core.
signal_generator:__in
it__:32 - SignalGener
ator 초기화 완료
2026-03-11 10:58:39.8
51 | INFO     | strat
egies.scoring_strateg
y:__init__:32 - Scori
ngStrategy 초기화 완료
2026-03-11 10:58:39.8
87 | INFO     | core.
indicator_engine:calc
ulate_all:63 - 모든 기술 
지표 계산 완료 (총 28 컬럼)
2026-03-11 10:58:39.8
92 | INFO     | core.
signal_generator:gene
rate:73 - 신호 생성 완료 — 
매수: 0건, 매도: 2건, 홀드: 4
98건
2026-03-11 10:58:39.9
01 | INFO     | backt
est.backtester:run:69
 - 백테스팅 완료 | 수익률: 0.0
0% | 샤프: 0.00 | MDD: 
0.00% | 승률: 0.0%
2026-03-11 10:58:39.9
48 | INFO     | monit
oring.discord_bot:__i
nit__:42 - DiscordBot
 비활성 — 콘솔 출력으로 대체
2026-03-11 10:58:39.9
48 | INFO     | monit
oring.discord_bot:sen
d_message:55 - [알림] 테
스트 알림: 시스템 정상 동작
2026-03-11 10:58:39.9
48 | INFO     | monit
oring.discord_bot:sen
d_embed:90 - [알림] 🟢 
매수 — BUY — 
==================================================
1. 설정 로더 테스트
==================================================
  활성 전략: scoring
  관심 종목: ['005930', '000660', '035720', '035420', '051910']
  초기 자본: 10,000,000원
  손절 타입: atr
  디스코드: 비활성
  ✅ 성공

==================================================
2. 데이터베이스 초기화 테스트
==================================================
  DB 엔진: Engine(sqlite:///C:\y2026\99_개인폴더\99_project\quant_trader\data\quant_trader.db)
  ✅ 테이블 생성 성공

==================================================
3. 샘플 주가 데이터 생성
==================================================
  데이터 기간: 2024-04-11 ~ 2026-03-11
  총 500일간 데이터
  시작가: 50,512원 → 종가: 56,515원
  ✅ 성공

==================================================
4. 기술 지표 계산 테스트
==================================================
  추가된 지표 컬럼: 23개
  지표 목록: ['rsi', 'macd', 'macd_signal', 'macd_histogram', 'bb_middle', 'bb_upper', 'bb_lower', 'bb_bandwidth', 'bb_percent', 'sma_5', 'sma_20', 'sma_60', 'sma_200', 'ema_5', 'ema_20', 'ema_60', 'stoch_k', 'stoch_d', 'adx', 'atr', 'obv', 'volume_avg', 'volume_ratio']
  최신 RSI: 43.64
  최신 MACD: 60.0187
  최신 ADX: 12.31
  최신 ATR: 1932.75
  ✅ 성공

==================================================
5. 매매 신호 생성 테스트
==================================================
  신호 분포: {'HOLD': 498, 'SELL': 2}
  최신 신호: HOLD (점수: -3.0)
  상세: {'RSI': np.float64(0.0), 'MACD': np.float64(-2.0), '볼린저': np.float64(0.0), '거래량': np.float64(0.0), '이동평균': np.float64(-1.0)}
  ✅ 성공

==================================================
6. 리스크 관리 테스트
==================================================
  진입가: 50,000원
  손절가: 46,134원
  익절가: {'target_final': 55000.0, 'partial_ratio': 0.5, 'target_1': 53000.0}
  주문 수량: 25주 (1% 룰)
  거래 비용: {'commission': 187.0, 'tax': 0, 'slippage': 625.0, 'total_cost': 812.0, 'effective_price': 50032.0}
  ✅ 성공

==================================================
7. 백테스팅 실행 테스트
==================================================

============================================================
  📊 백테스팅 결과 (scoring)
  📅 기간: 2024-04-11 10:58:39.787880 ~ 2026-03-11 10:58:39.787880
============================================================
  초기 자본     :     10,000,000원
  최종 자본     :     10,000,000원
  총 수익률     :          0.00%
  연간 수익률   :          0.00%
------------------------------------------------------------
  샤프 지수     :          0.00
  최대 낙폭     :          0.00%
  칼마 비율     :          0.00
------------------------------------------------------------
  총 매매 횟수  :             0회
  승률          :           0.0%
  수익 거래     :             0회
  손실 거래     :             0회
  손익비        :          0.00
  평균 수익     :              0원
  평균 손실     :              1원
============================================================

  ✅ 백테스팅 성공

==================================================
8. 디스코드 봇 테스트 (콘솔 출력)
==================================================
  ✅ 성공

==================================================
🎉 모든 테스트 통과! 시스템이 정상 동작합니다.
==================================================
